No files changed, compilation skipped
warning[block-timestamp]: usage of `block.timestamp` in a comparison may be manipulated by validators
    ╭▸ src/TransAtlasEscrow.sol:111:16
    │
111 │             || acceptBy <= block.timestamp || deliveryBy <= acceptBy
    │                ━━━━━━━━━━━━━━━━━━━━━━━━━━━
    │
    ╰ help: https://book.getfoundry.sh/reference/forge/forge-lint#block-timestamp

warning[block-timestamp]: usage of `block.timestamp` in a comparison may be manipulated by validators
    ╭▸ src/TransAtlasEscrow.sol:134:13
    │
134 │         if (block.timestamp > d.acceptBy) revert Deadline();
    │             ━━━━━━━━━━━━━━━━━━━━━━━━━━━━
    │
    ╰ help: https://book.getfoundry.sh/reference/forge/forge-lint#block-timestamp

warning[block-timestamp]: usage of `block.timestamp` in a comparison may be manipulated by validators
    ╭▸ src/TransAtlasEscrow.sol:145:39
    │
145 │             (msg.sender != d.payer || block.timestamp <= d.acceptBy)) revert Forbidden();
    │                                       ━━━━━━━━━━━━━━━━━━━━━━━━━━━━━
    │
    ╰ help: https://book.getfoundry.sh/reference/forge/forge-lint#block-timestamp

warning[block-timestamp]: usage of `block.timestamp` in a comparison may be manipulated by validators
    ╭▸ src/TransAtlasEscrow.sol:153:13
    │
153 │         if (block.timestamp > d.deliveryBy) revert Deadline();
    │             ━━━━━━━━━━━━━━━━━━━━━━━━━━━━━━
    │
    ╰ help: https://book.getfoundry.sh/reference/forge/forge-lint#block-timestamp

warning[block-timestamp]: usage of `block.timestamp` in a comparison may be manipulated by validators
    ╭▸ src/TransAtlasEscrow.sol:165:13
    │
165 │         if (block.timestamp > d.deliveryBy) revert Deadline();
    │             ━━━━━━━━━━━━━━━━━━━━━━━━━━━━━━
    │
    ╰ help: https://book.getfoundry.sh/reference/forge/forge-lint#block-timestamp

warning[block-timestamp]: usage of `block.timestamp` in a comparison may be manipulated by validators
    ╭▸ src/TransAtlasEscrow.sol:179:42
    │
179 │         if (d.state == State.Accepted && block.timestamp >= d.releaseAt) revert Deadline();
    │                                          ━━━━━━━━━━━━━━━━━━━━━━━━━━━━━━
    │
    ╰ help: https://book.getfoundry.sh/reference/forge/forge-lint#block-timestamp

warning[block-timestamp]: usage of `block.timestamp` in a comparison may be manipulated by validators
    ╭▸ src/TransAtlasEscrow.sol:187:13
    │
187 │         if (block.timestamp <= d.deliveryBy) revert Deadline();
    │             ━━━━━━━━━━━━━━━━━━━━━━━━━━━━━━━
    │
    ╰ help: https://book.getfoundry.sh/reference/forge/forge-lint#block-timestamp

warning[block-timestamp]: usage of `block.timestamp` in a comparison may be manipulated by validators
    ╭▸ src/TransAtlasEscrow.sol:194:13
    │
194 │         if (block.timestamp < d.releaseAt) revert Deadline();
    │             ━━━━━━━━━━━━━━━━━━━━━━━━━━━━━
    │
    ╰ help: https://book.getfoundry.sh/reference/forge/forge-lint#block-timestamp

warning[block-timestamp]: usage of `block.timestamp` in a comparison may be manipulated by validators
    ╭▸ src/TransAtlasEscrow.sol:201:30
    │
201 │         address authorized = block.timestamp < uint256(d.disputedAt) + arbitrationPeriod
    │                              ━━━━━━━━━━━━━━━━━━━━━━━━━━━━━━━━━━━━━━━━━━━━━━━━━━━━━━━━━━━
    │
    ╰ help: https://book.getfoundry.sh/reference/forge/forge-lint#block-timestamp

warning[unsafe-typecast]: typecasts that can truncate values should be checked
   ╭▸ test/MockUSDC.sol:28:53
   │
28 │             if (result.length >= 4) callbackError = bytes4(result);
   │                                                     ━━━━━━━━━━━━━━
   │
   ├ note: consider disabling this lint if you're certain the cast is safe
   │
   │       // casting to 'bytes4' is safe because [explain why]
   │       // forge-lint: disable-next-line(unsafe-typecast)
   │
   │
   ╰ help: https://book.getfoundry.sh/reference/forge/forge-lint#unsafe-typecast

warning[block-timestamp]: usage of `block.timestamp` in a comparison may be manipulated by validators
   ╭▸ test/Invariant.t.sol:38:16
   │
38 │             if(block.timestamp>d.acceptBy){ vm.prank(P); e.cancelUnaccepted(id); }
   │                ━━━━━━━━━━━━━━━━━━━━━━━━━━
   │
   ╰ help: https://book.getfoundry.sh/reference/forge/forge-lint#block-timestamp

warning[block-timestamp]: usage of `block.timestamp` in a comparison may be manipulated by validators
   ╭▸ test/Invariant.t.sol:41:16
   │
41 │             if(block.timestamp>d.deliveryBy){ e.escalateOverdue(id); }
   │                ━━━━━━━━━━━━━━━━━━━━━━━━━━━━
   │
   ╰ help: https://book.getfoundry.sh/reference/forge/forge-lint#block-timestamp

warning[block-timestamp]: usage of `block.timestamp` in a comparison may be manipulated by validators
   ╭▸ test/Invariant.t.sol:46:16
   │
46 │             if(block.timestamp>=d.releaseAt) e.finalize(id);
   │                ━━━━━━━━━━━━━━━━━━━━━━━━━━━━
   │
   ╰ help: https://book.getfoundry.sh/reference/forge/forge-lint#block-timestamp

warning[block-timestamp]: usage of `block.timestamp` in a comparison may be manipulated by validators
   ╭▸ test/Invariant.t.sol:50:30
   │
50 │             address resolver=block.timestamp<uint256(d.disputedAt)+e.arbitrationPeriod()?A:B;
   │                              ━━━━━━━━━━━━━━━━━━━━━━━━━━━━━━━━━━━━━━━━━━━━━━━━━━━━━━━━━━━
   │
   ╰ help: https://book.getfoundry.sh/reference/forge/forge-lint#block-timestamp
